**********************
Windows PowerShell 轉譯開始
開始時間: 20260310004637
使用者名稱: DESKTOP-278L10C\JackYang
RunAs 使用者: DESKTOP-278L10C\JackYang
設定名稱: 
電腦: DESKTOP-278L10C (Microsoft Windows NT 10.0.26100.0)
主應用程式: powershell.exe -ExecutionPolicy Bypass -File F:\Documents\Paddle_OCR\install_paddle_ocr_suite.ps1
處理序識別碼: 3816
PSVersion: 5.1.26100.7705
PSEdition: Desktop
PSCompatibleVersions: 1.0, 2.0, 3.0, 4.0, 5.0, 5.1.26100.7705
BuildVersion: 10.0.26100.7705
CLRVersion: 4.0.30319.42000
WSManStackVersion: 3.0
PSRemotingProtocolVersion: 2.3
SerializationVersion: 1.1.0.1
**********************

=== Prepare workspace ===
F:\Documents\Paddle_OCR
PADDLE_PDX_DISABLE_MODEL_SOURCE_CHECK=True

=== Detect supported Python ===
Detected system Python: C:\Users\JackYang\AppData\Local\Programs\Python\Python310\python.exe

=== Check virtual environment ===
Using venv Python: F:\Documents\Paddle_OCR\.venv\Scripts\python.exe

=== Upgrade pip tools ===
Requirement already satisfied: pip in f:\documents\paddle_ocr\.venv\lib\site-packages (22.3.1)
Collecting pip
  Downloading pip-26.0.1-py3-none-any.whl (1.8 MB)
Requirement already satisfied: setuptools in f:\documents\paddle_ocr\.venv\lib\site-packages (65.5.0)
Collecting setuptools
  Downloading setuptools-82.0.1-py3-none-any.whl (1.0 MB)
Collecting wheel
  Downloading wheel-0.46.3-py3-none-any.whl (30 kB)
Collecting packaging>=24.0
  Downloading packaging-26.0-py3-none-any.whl (74 kB)
Installing collected packages: setuptools, pip, packaging, wheel
  Attempting uninstall: setuptools
    Found existing installation: setuptools 65.5.0
    Uninstalling setuptools-65.5.0:
      Successfully uninstalled setuptools-65.5.0
  Attempting uninstall: pip
    Found existing installation: pip 22.3.1
    Uninstalling pip-22.3.1:
      Successfully uninstalled pip-22.3.1
Successfully installed packaging-26.0 pip-26.0.1 setuptools-82.0.1 wheel-0.46.3

=== Install PaddlePaddle ===
Reusable GPU PaddlePaddle not found. Installing GPU build...
Installing paddlepaddle-gpu from official GPU index: cu118
If the GPU wheel download stalls for over 600 seconds, the installer will fall back to CPU.
Looking in indexes: https://www.paddlepaddle.org.cn/packages/stable/cu118/
Collecting paddlepaddle-gpu==3.2.2
  Downloading https://paddle-whl.bj.bcebos.com/stable/cu118/paddlepaddle-gpu/paddlepaddle_gpu-3.2.2-cp310-cp310-win_amd64.whl (645.1 MB)
Collecting httpx (from paddlepaddle-gpu==3.2.2)
  Downloading https://paddle-whl.bj.bcebos.com/stable/cu118/httpx/httpx-0.28.1-py3-none-any.whl (73 kB)
Collecting numpy>=1.21 (from paddlepaddle-gpu==3.2.2)
  Downloading https://paddle-whl.bj.bcebos.com/stable/cu118/numpy/numpy-2.2.6-cp310-cp310-win_amd64.whl (12.9 MB)
Collecting protobuf>=3.20.2 (from paddlepaddle-gpu==3.2.2)
  Downloading https://paddle-whl.bj.bcebos.com/stable/cu118/protobuf/protobuf-6.33.4-cp310-abi3-win_amd64.whl (436 kB)
Collecting Pillow (from paddlepaddle-gpu==3.2.2)
  Downloading https://paddle-whl.bj.bcebos.com/stable/cu118/pillow/pillow-12.1.0-cp310-cp310-win_amd64.whl (7.0 MB)
Collecting opt-einsum==3.3.0 (from paddlepaddle-gpu==3.2.2)
  Downloading https://paddle-whl.bj.bcebos.com/stable/cu118/opt-einsum/opt_einsum-3.3.0-py3-none-any.whl (65 kB)
Collecting networkx (from paddlepaddle-gpu==3.2.2)
  Downloading https://paddle-whl.bj.bcebos.com/stable/cu118/networkx/networkx-3.6.1-py3-none-any.whl (2.1 MB)
Collecting typing-extensions (from paddlepaddle-gpu==3.2.2)
  Downloading https://paddle-whl.bj.bcebos.com/stable/cu118/typing-extensions/typing_extensions-4.15.0-py3-none-any.whl (44 kB)
Collecting safetensors>=0.6.0 (from paddlepaddle-gpu==3.2.2)
  Downloading https://paddle-whl.bj.bcebos.com/stable/cu118/safetensors/safetensors-0.7.0-cp38-abi3-win_amd64.whl (341 kB)
Collecting nvidia-cuda-runtime-cu11==11.8.89 (from paddlepaddle-gpu==3.2.2)
  Downloading https://paddle-whl.bj.bcebos.com/stable/cu118/nvidia-cuda-runtime-cu11/nvidia_cuda_runtime_cu11-11.8.89-py3-none-win_amd64.whl (1.0 MB)
Collecting nvidia-cudnn-cu11==8.9.4.19 (from paddlepaddle-gpu==3.2.2)
  Downloading https://paddle-whl.bj.bcebos.com/stable/cu118/nvidia-cudnn-cu11/nvidia_cudnn_cu11-8.9.4.19-py3-none-win_amd64.whl (734.3 MB)
Collecting nvidia-cublas-cu11==11.11.3.6 (from paddlepaddle-gpu==3.2.2)
  Downloading https://paddle-whl.bj.bcebos.com/stable/cu118/nvidia-cublas-cu11/nvidia_cublas_cu11-11.11.3.6-py3-none-win_amd64.whl (427.2 MB)
Collecting nvidia-cufft-cu11==10.9.0.58 (from paddlepaddle-gpu==3.2.2)
  Downloading https://paddle-whl.bj.bcebos.com/stable/cu118/nvidia-cufft-cu11/nvidia_cufft_cu11-10.9.0.58-py3-none-win_amd64.whl (172.2 MB)
Collecting nvidia-curand-cu11==10.3.0.86 (from paddlepaddle-gpu==3.2.2)
  Downloading https://paddle-whl.bj.bcebos.com/stable/cu118/nvidia-curand-cu11/nvidia_curand_cu11-10.3.0.86-py3-none-win_amd64.whl (57.6 MB)
Collecting nvidia-cusolver-cu11==11.4.1.48 (from paddlepaddle-gpu==3.2.2)
  Downloading https://paddle-whl.bj.bcebos.com/stable/cu118/nvidia-cusolver-cu11/nvidia_cusolver_cu11-11.4.1.48-py3-none-win_amd64.whl (125.7 MB)
Collecting nvidia-cusparse-cu11==11.7.5.86 (from paddlepaddle-gpu==3.2.2)
  Downloading https://paddle-whl.bj.bcebos.com/stable/cu118/nvidia-cusparse-cu11/nvidia_cusparse_cu11-11.7.5.86-py3-none-win_amd64.whl (203.4 MB)
Collecting nvidia-cuda-nvrtc-cu11 (from nvidia-cudnn-cu11==8.9.4.19->paddlepaddle-gpu==3.2.2)
  Downloading https://paddle-whl.bj.bcebos.com/stable/cu118/nvidia-cuda-nvrtc-cu11/nvidia_cuda_nvrtc_cu11-11.8.89-py3-none-win_amd64.whl (19.0 MB)
Collecting anyio (from httpx->paddlepaddle-gpu==3.2.2)
  Downloading https://paddle-whl.bj.bcebos.com/stable/cu118/anyio/anyio-4.12.1-py3-none-any.whl (113 kB)
Collecting certifi (from httpx->paddlepaddle-gpu==3.2.2)
  Downloading https://paddle-whl.bj.bcebos.com/stable/cu118/certifi/certifi-2026.1.4-py3-none-any.whl (152 kB)
Collecting httpcore==1.* (from httpx->paddlepaddle-gpu==3.2.2)
  Downloading https://paddle-whl.bj.bcebos.com/stable/cu118/httpcore/httpcore-1.0.9-py3-none-any.whl (78 kB)
Collecting idna (from httpx->paddlepaddle-gpu==3.2.2)
  Downloading https://paddle-whl.bj.bcebos.com/stable/cu118/idna/idna-3.11-py3-none-any.whl (71 kB)
Collecting h11>=0.16 (from httpcore==1.*->httpx->paddlepaddle-gpu==3.2.2)
  Downloading https://paddle-whl.bj.bcebos.com/stable/cu118/h11/h11-0.16.0-py3-none-any.whl (37 kB)
Collecting exceptiongroup>=1.0.2 (from anyio->httpx->paddlepaddle-gpu==3.2.2)
  Downloading https://paddle-whl.bj.bcebos.com/stable/cu118/exceptiongroup/exceptiongroup-1.3.1-py3-none-any.whl (16 kB)
INFO: pip is looking at multiple versions of networkx to determine which version is compatible with other requirements. This could take a while.
Collecting networkx (from paddlepaddle-gpu==3.2.2)
  Downloading https://paddle-whl.bj.bcebos.com/stable/cu118/networkx/networkx-3.5-py3-none-any.whl (2.0 MB)
  Downloading https://paddle-whl.bj.bcebos.com/stable/cu118/networkx/networkx-3.4.2-py3-none-any.whl (1.7 MB)
Installing collected packages: typing-extensions, safetensors, protobuf, Pillow, nvidia-cusparse-cu11, nvidia-curand-cu11, nvidia-cufft-cu11, nvidia-cuda-runtime-cu11, nvidia-cuda-nvrtc-cu11, nvidia-cublas-cu11, numpy, networkx, idna, h11, certifi, opt-einsum, nvidia-cusolver-cu11, nvidia-cudnn-cu11, httpcore, exceptiongroup, anyio, httpx, paddlepaddle-gpu
Successfully installed Pillow-12.1.0 anyio-4.12.1 certifi-2026.1.4 exceptiongroup-1.3.1 h11-0.16.0 httpcore-1.0.9 httpx-0.28.1 idna-3.11 networkx-3.4.2 numpy-2.2.6 nvidia-cublas-cu11-11.11.3.6 nvidia-cuda-nvrtc-cu11-11.8.89 nvidia-cuda-runtime-cu11-11.8.89 nvidia-cudnn-cu11-8.9.4.19 nvidia-cufft-cu11-10.9.0.58 nvidia-curand-cu11-10.3.0.86 nvidia-cusolver-cu11-11.4.1.48 nvidia-cusparse-cu11-11.7.5.86 opt-einsum-3.3.0 paddlepaddle-gpu-3.2.2 protobuf-6.33.4 safetensors-0.7.0 typing-extensions-4.15.0
WARNING: Retrying (Retry(total=0, connect=None, read=None, redirect=None, status=None)) after connection broken by 'ProtocolError('Connection aborted.', RemoteDisconnected('Remote end closed connection without response'))': /packages/stable/cu118/httpx/
GPU PaddlePaddle is ready.
Final Paddle mode: gpu

=== Install PaddleOCR and dependencies ===
Reusable OCR dependencies not found. Installing...
Collecting paddleocr
  Downloading paddleocr-3.4.0-py3-none-any.whl.metadata (55 kB)
Requirement already satisfied: pillow in .\.venv\lib\site-packages (12.1.0)
Collecting pillow
  Downloading pillow-12.1.1-cp310-cp310-win_amd64.whl.metadata (9.0 kB)
Collecting pymupdf
  Downloading pymupdf-1.27.1-cp310-abi3-win_amd64.whl.metadata (3.4 kB)
Collecting paddlex<3.5.0,>=3.4.0 (from paddlex[ocr-core]<3.5.0,>=3.4.0->paddleocr)
  Downloading paddlex-3.4.2-py3-none-any.whl.metadata (80 kB)
Collecting PyYAML>=6 (from paddleocr)
  Downloading pyyaml-6.0.3-cp310-cp310-win_amd64.whl.metadata (2.4 kB)
Collecting requests (from paddleocr)
  Using cached requests-2.32.5-py3-none-any.whl.metadata (4.9 kB)
Requirement already satisfied: typing-extensions>=4.12 in .\.venv\lib\site-packages (from paddleocr) (4.15.0)
Collecting aistudio-sdk>=0.3.5 (from paddlex<3.5.0,>=3.4.0->paddlex[ocr-core]<3.5.0,>=3.4.0->paddleocr)
  Downloading aistudio_sdk-0.3.8-py3-none-any.whl.metadata (1.1 kB)
Collecting chardet (from paddlex<3.5.0,>=3.4.0->paddlex[ocr-core]<3.5.0,>=3.4.0->paddleocr)
  Downloading chardet-7.0.1-cp310-cp310-win_amd64.whl.metadata (7.1 kB)
Collecting colorlog (from paddlex<3.5.0,>=3.4.0->paddlex[ocr-core]<3.5.0,>=3.4.0->paddleocr)
  Downloading colorlog-6.10.1-py3-none-any.whl.metadata (11 kB)
Collecting filelock (from paddlex<3.5.0,>=3.4.0->paddlex[ocr-core]<3.5.0,>=3.4.0->paddleocr)
  Using cached filelock-3.25.0-py3-none-any.whl.metadata (2.0 kB)
Collecting huggingface-hub (from paddlex<3.5.0,>=3.4.0->paddlex[ocr-core]<3.5.0,>=3.4.0->paddleocr)
  Using cached huggingface_hub-1.6.0-py3-none-any.whl.metadata (13 kB)
Collecting modelscope>=1.28.0 (from paddlex<3.5.0,>=3.4.0->paddlex[ocr-core]<3.5.0,>=3.4.0->paddleocr)
  Downloading modelscope-1.34.0-py3-none-any.whl.metadata (43 kB)
Requirement already satisfied: numpy>=1.24 in .\.venv\lib\site-packages (from paddlex<3.5.0,>=3.4.0->paddlex[ocr-core]<3.5.0,>=3.4.0->paddleocr) (2.2.6)
Requirement already satisfied: packaging in .\.venv\lib\site-packages (from paddlex<3.5.0,>=3.4.0->paddlex[ocr-core]<3.5.0,>=3.4.0->paddleocr) (26.0)
Collecting pandas>=1.3 (from paddlex<3.5.0,>=3.4.0->paddlex[ocr-core]<3.5.0,>=3.4.0->paddleocr)
  Downloading pandas-2.3.3-cp310-cp310-win_amd64.whl.metadata (19 kB)
Collecting prettytable (from paddlex<3.5.0,>=3.4.0->paddlex[ocr-core]<3.5.0,>=3.4.0->paddleocr)
  Downloading prettytable-3.17.0-py3-none-any.whl.metadata (34 kB)
Collecting py-cpuinfo (from paddlex<3.5.0,>=3.4.0->paddlex[ocr-core]<3.5.0,>=3.4.0->paddleocr)
  Downloading py_cpuinfo-9.0.0-py3-none-any.whl.metadata (794 bytes)
Collecting pydantic>=2 (from paddlex<3.5.0,>=3.4.0->paddlex[ocr-core]<3.5.0,>=3.4.0->paddleocr)
  Using cached pydantic-2.12.5-py3-none-any.whl.metadata (90 kB)
Collecting PyYAML>=6 (from paddleocr)
  Using cached PyYAML-6.0.2-cp310-cp310-win_amd64.whl.metadata (2.1 kB)
Collecting ruamel.yaml (from paddlex<3.5.0,>=3.4.0->paddlex[ocr-core]<3.5.0,>=3.4.0->paddleocr)
  Downloading ruamel_yaml-0.19.1-py3-none-any.whl.metadata (16 kB)
Collecting ujson (from paddlex<3.5.0,>=3.4.0->paddlex[ocr-core]<3.5.0,>=3.4.0->paddleocr)
  Downloading ujson-5.11.0-cp310-cp310-win_amd64.whl.metadata (9.6 kB)
Collecting imagesize (from paddlex[ocr-core]<3.5.0,>=3.4.0->paddleocr)
  Downloading imagesize-2.0.0-py2.py3-none-any.whl.metadata (1.5 kB)
Collecting opencv-contrib-python==4.10.0.84 (from paddlex[ocr-core]<3.5.0,>=3.4.0->paddleocr)
  Downloading opencv_contrib_python-4.10.0.84-cp37-abi3-win_amd64.whl.metadata (20 kB)
Collecting pyclipper (from paddlex[ocr-core]<3.5.0,>=3.4.0->paddleocr)
  Downloading pyclipper-1.4.0-cp310-cp310-win_amd64.whl.metadata (8.8 kB)
Collecting pypdfium2>=4 (from paddlex[ocr-core]<3.5.0,>=3.4.0->paddleocr)
  Downloading pypdfium2-5.6.0-py3-none-win_amd64.whl.metadata (68 kB)
Collecting python-bidi (from paddlex[ocr-core]<3.5.0,>=3.4.0->paddleocr)
  Downloading python_bidi-0.6.7-cp310-cp310-win_amd64.whl.metadata (5.0 kB)
Collecting shapely (from paddlex[ocr-core]<3.5.0,>=3.4.0->paddleocr)
  Downloading shapely-2.1.2-cp310-cp310-win_amd64.whl.metadata (7.1 kB)
Collecting psutil (from aistudio-sdk>=0.3.5->paddlex<3.5.0,>=3.4.0->paddlex[ocr-core]<3.5.0,>=3.4.0->paddleocr)
  Downloading psutil-7.2.2-cp37-abi3-win_amd64.whl.metadata (22 kB)
Collecting tqdm (from aistudio-sdk>=0.3.5->paddlex<3.5.0,>=3.4.0->paddlex[ocr-core]<3.5.0,>=3.4.0->paddleocr)
  Using cached tqdm-4.67.3-py3-none-any.whl.metadata (57 kB)
Collecting bce-python-sdk (from aistudio-sdk>=0.3.5->paddlex<3.5.0,>=3.4.0->paddlex[ocr-core]<3.5.0,>=3.4.0->paddleocr)
  Downloading bce_python_sdk-0.9.63-py3-none-any.whl.metadata (416 bytes)
Collecting click (from aistudio-sdk>=0.3.5->paddlex<3.5.0,>=3.4.0->paddlex[ocr-core]<3.5.0,>=3.4.0->paddleocr)
  Using cached click-8.3.1-py3-none-any.whl.metadata (2.6 kB)
Requirement already satisfied: setuptools in .\.venv\lib\site-packages (from modelscope>=1.28.0->paddlex<3.5.0,>=3.4.0->paddlex[ocr-core]<3.5.0,>=3.4.0->paddleocr) (82.0.1)
Collecting urllib3>=1.26 (from modelscope>=1.28.0->paddlex<3.5.0,>=3.4.0->paddlex[ocr-core]<3.5.0,>=3.4.0->paddleocr)
  Using cached urllib3-2.6.3-py3-none-any.whl.metadata (6.9 kB)
Collecting python-dateutil>=2.8.2 (from pandas>=1.3->paddlex<3.5.0,>=3.4.0->paddlex[ocr-core]<3.5.0,>=3.4.0->paddleocr)
  Using cached python_dateutil-2.9.0.post0-py2.py3-none-any.whl.metadata (8.4 kB)
Collecting pytz>=2020.1 (from pandas>=1.3->paddlex<3.5.0,>=3.4.0->paddlex[ocr-core]<3.5.0,>=3.4.0->paddleocr)
  Downloading pytz-2026.1.post1-py2.py3-none-any.whl.metadata (22 kB)
Collecting tzdata>=2022.7 (from pandas>=1.3->paddlex<3.5.0,>=3.4.0->paddlex[ocr-core]<3.5.0,>=3.4.0->paddleocr)
  Downloading tzdata-2025.3-py2.py3-none-any.whl.metadata (1.4 kB)
Collecting annotated-types>=0.6.0 (from pydantic>=2->paddlex<3.5.0,>=3.4.0->paddlex[ocr-core]<3.5.0,>=3.4.0->paddleocr)
  Using cached annotated_types-0.7.0-py3-none-any.whl.metadata (15 kB)
Collecting pydantic-core==2.41.5 (from pydantic>=2->paddlex<3.5.0,>=3.4.0->paddlex[ocr-core]<3.5.0,>=3.4.0->paddleocr)
  Downloading pydantic_core-2.41.5-cp310-cp310-win_amd64.whl.metadata (7.4 kB)
Collecting typing-inspection>=0.4.2 (from pydantic>=2->paddlex<3.5.0,>=3.4.0->paddlex[ocr-core]<3.5.0,>=3.4.0->paddleocr)
  Using cached typing_inspection-0.4.2-py3-none-any.whl.metadata (2.6 kB)
Collecting six>=1.5 (from python-dateutil>=2.8.2->pandas>=1.3->paddlex<3.5.0,>=3.4.0->paddlex[ocr-core]<3.5.0,>=3.4.0->paddleocr)
  Using cached six-1.17.0-py2.py3-none-any.whl.metadata (1.7 kB)
Collecting charset_normalizer<4,>=2 (from requests->paddleocr)
  Downloading charset_normalizer-3.4.5-cp310-cp310-win_amd64.whl.metadata (39 kB)
Requirement already satisfied: idna<4,>=2.5 in .\.venv\lib\site-packages (from requests->paddleocr) (3.11)
Requirement already satisfied: certifi>=2017.4.17 in .\.venv\lib\site-packages (from requests->paddleocr) (2026.1.4)
Collecting colorama (from tqdm->aistudio-sdk>=0.3.5->paddlex<3.5.0,>=3.4.0->paddlex[ocr-core]<3.5.0,>=3.4.0->paddleocr)
  Using cached colorama-0.4.6-py2.py3-none-any.whl.metadata (17 kB)
Collecting pycryptodome>=3.8.0 (from bce-python-sdk->aistudio-sdk>=0.3.5->paddlex<3.5.0,>=3.4.0->paddlex[ocr-core]<3.5.0,>=3.4.0->paddleocr)
  Downloading pycryptodome-3.23.0-cp37-abi3-win_amd64.whl.metadata (3.5 kB)
Collecting future>=0.6.0 (from bce-python-sdk->aistudio-sdk>=0.3.5->paddlex<3.5.0,>=3.4.0->paddlex[ocr-core]<3.5.0,>=3.4.0->paddleocr)
  Downloading future-1.0.0-py3-none-any.whl.metadata (4.0 kB)
Collecting fsspec>=2023.5.0 (from huggingface-hub->paddlex<3.5.0,>=3.4.0->paddlex[ocr-core]<3.5.0,>=3.4.0->paddleocr)
  Using cached fsspec-2026.2.0-py3-none-any.whl.metadata (10 kB)
Collecting hf-xet<2.0.0,>=1.3.2 (from huggingface-hub->paddlex<3.5.0,>=3.4.0->paddlex[ocr-core]<3.5.0,>=3.4.0->paddleocr)
  Using cached hf_xet-1.3.2-cp37-abi3-win_amd64.whl.metadata (4.9 kB)
Requirement already satisfied: httpx<1,>=0.23.0 in .\.venv\lib\site-packages (from huggingface-hub->paddlex<3.5.0,>=3.4.0->paddlex[ocr-core]<3.5.0,>=3.4.0->paddleocr) (0.28.1)
Collecting typer (from huggingface-hub->paddlex<3.5.0,>=3.4.0->paddlex[ocr-core]<3.5.0,>=3.4.0->paddleocr)
  Using cached typer-0.24.1-py3-none-any.whl.metadata (16 kB)
Requirement already satisfied: anyio in .\.venv\lib\site-packages (from httpx<1,>=0.23.0->huggingface-hub->paddlex<3.5.0,>=3.4.0->paddlex[ocr-core]<3.5.0,>=3.4.0->paddleocr) (4.12.1)
Requirement already satisfied: httpcore==1.* in .\.venv\lib\site-packages (from httpx<1,>=0.23.0->huggingface-hub->paddlex<3.5.0,>=3.4.0->paddlex[ocr-core]<3.5.0,>=3.4.0->paddleocr) (1.0.9)
Requirement already satisfied: h11>=0.16 in .\.venv\lib\site-packages (from httpcore==1.*->httpx<1,>=0.23.0->huggingface-hub->paddlex<3.5.0,>=3.4.0->paddlex[ocr-core]<3.5.0,>=3.4.0->paddleocr) (0.16.0)
Requirement already satisfied: exceptiongroup>=1.0.2 in .\.venv\lib\site-packages (from anyio->httpx<1,>=0.23.0->huggingface-hub->paddlex<3.5.0,>=3.4.0->paddlex[ocr-core]<3.5.0,>=3.4.0->paddleocr) (1.3.1)
Collecting wcwidth (from prettytable->paddlex<3.5.0,>=3.4.0->paddlex[ocr-core]<3.5.0,>=3.4.0->paddleocr)
  Downloading wcwidth-0.6.0-py3-none-any.whl.metadata (30 kB)
Collecting shellingham>=1.3.0 (from typer->huggingface-hub->paddlex<3.5.0,>=3.4.0->paddlex[ocr-core]<3.5.0,>=3.4.0->paddleocr)
  Using cached shellingham-1.5.4-py2.py3-none-any.whl.metadata (3.5 kB)
Collecting rich>=12.3.0 (from typer->huggingface-hub->paddlex<3.5.0,>=3.4.0->paddlex[ocr-core]<3.5.0,>=3.4.0->paddleocr)
  Using cached rich-14.3.3-py3-none-any.whl.metadata (18 kB)
Collecting annotated-doc>=0.0.2 (from typer->huggingface-hub->paddlex<3.5.0,>=3.4.0->paddlex[ocr-core]<3.5.0,>=3.4.0->paddleocr)
  Using cached annotated_doc-0.0.4-py3-none-any.whl.metadata (6.6 kB)
Collecting markdown-it-py>=2.2.0 (from rich>=12.3.0->typer->huggingface-hub->paddlex<3.5.0,>=3.4.0->paddlex[ocr-core]<3.5.0,>=3.4.0->paddleocr)
  Using cached markdown_it_py-4.0.0-py3-none-any.whl.metadata (7.3 kB)
Collecting pygments<3.0.0,>=2.13.0 (from rich>=12.3.0->typer->huggingface-hub->paddlex<3.5.0,>=3.4.0->paddlex[ocr-core]<3.5.0,>=3.4.0->paddleocr)
  Using cached pygments-2.19.2-py3-none-any.whl.metadata (2.5 kB)
Collecting mdurl~=0.1 (from markdown-it-py>=2.2.0->rich>=12.3.0->typer->huggingface-hub->paddlex<3.5.0,>=3.4.0->paddlex[ocr-core]<3.5.0,>=3.4.0->paddleocr)
  Using cached mdurl-0.1.2-py3-none-any.whl.metadata (1.6 kB)
Downloading paddleocr-3.4.0-py3-none-any.whl (87 kB)
Downloading paddlex-3.4.2-py3-none-any.whl (2.0 MB)
Using cached PyYAML-6.0.2-cp310-cp310-win_amd64.whl (161 kB)
Downloading opencv_contrib_python-4.10.0.84-cp37-abi3-win_amd64.whl (45.5 MB)
Downloading pillow-12.1.1-cp310-cp310-win_amd64.whl (7.0 MB)
Downloading pymupdf-1.27.1-cp310-abi3-win_amd64.whl (19.2 MB)
Downloading aistudio_sdk-0.3.8-py3-none-any.whl (62 kB)
Downloading modelscope-1.34.0-py3-none-any.whl (6.1 MB)
Downloading pandas-2.3.3-cp310-cp310-win_amd64.whl (11.3 MB)
Using cached pydantic-2.12.5-py3-none-any.whl (463 kB)
Downloading pydantic_core-2.41.5-cp310-cp310-win_amd64.whl (2.0 MB)
Using cached annotated_types-0.7.0-py3-none-any.whl (13 kB)
Downloading pypdfium2-5.6.0-py3-none-win_amd64.whl (3.7 MB)
Using cached python_dateutil-2.9.0.post0-py2.py3-none-any.whl (229 kB)
Downloading pytz-2026.1.post1-py2.py3-none-any.whl (510 kB)
Using cached requests-2.32.5-py3-none-any.whl (64 kB)
Downloading charset_normalizer-3.4.5-cp310-cp310-win_amd64.whl (142 kB)
Using cached urllib3-2.6.3-py3-none-any.whl (131 kB)
Using cached six-1.17.0-py2.py3-none-any.whl (11 kB)
Using cached tqdm-4.67.3-py3-none-any.whl (78 kB)
Using cached typing_inspection-0.4.2-py3-none-any.whl (14 kB)
Downloading tzdata-2025.3-py2.py3-none-any.whl (348 kB)
Downloading bce_python_sdk-0.9.63-py3-none-any.whl (400 kB)
Downloading future-1.0.0-py3-none-any.whl (491 kB)
Downloading pycryptodome-3.23.0-cp37-abi3-win_amd64.whl (1.8 MB)
Downloading chardet-7.0.1-cp310-cp310-win_amd64.whl (524 kB)
Using cached click-8.3.1-py3-none-any.whl (108 kB)
Using cached colorama-0.4.6-py2.py3-none-any.whl (25 kB)
Downloading colorlog-6.10.1-py3-none-any.whl (11 kB)
Using cached filelock-3.25.0-py3-none-any.whl (26 kB)
Using cached huggingface_hub-1.6.0-py3-none-any.whl (612 kB)
Using cached hf_xet-1.3.2-cp37-abi3-win_amd64.whl (3.6 MB)
Using cached fsspec-2026.2.0-py3-none-any.whl (202 kB)
Downloading imagesize-2.0.0-py2.py3-none-any.whl (9.4 kB)
Downloading prettytable-3.17.0-py3-none-any.whl (34 kB)
Downloading psutil-7.2.2-cp37-abi3-win_amd64.whl (137 kB)
Downloading py_cpuinfo-9.0.0-py3-none-any.whl (22 kB)
Downloading pyclipper-1.4.0-cp310-cp310-win_amd64.whl (104 kB)
Downloading python_bidi-0.6.7-cp310-cp310-win_amd64.whl (161 kB)
Downloading ruamel_yaml-0.19.1-py3-none-any.whl (118 kB)
Downloading shapely-2.1.2-cp310-cp310-win_amd64.whl (1.7 MB)
Using cached typer-0.24.1-py3-none-any.whl (56 kB)
Using cached annotated_doc-0.0.4-py3-none-any.whl (5.3 kB)
Using cached rich-14.3.3-py3-none-any.whl (310 kB)
Using cached pygments-2.19.2-py3-none-any.whl (1.2 MB)
Using cached markdown_it_py-4.0.0-py3-none-any.whl (87 kB)
Using cached mdurl-0.1.2-py3-none-any.whl (10.0 kB)
Using cached shellingham-1.5.4-py2.py3-none-any.whl (9.8 kB)
Downloading ujson-5.11.0-cp310-cp310-win_amd64.whl (43 kB)
Downloading wcwidth-0.6.0-py3-none-any.whl (94 kB)
Installing collected packages: pytz, python-bidi, py-cpuinfo, wcwidth, urllib3, ujson, tzdata, typing-inspection, six, shellingham, shapely, ruamel.yaml, PyYAML, pypdfium2, pymupdf, pygments, pydantic-core, pycryptodome, pyclipper, psutil, pillow, opencv-contrib-python, mdurl, imagesize, hf-xet, future, fsspec, filelock, colorama, charset_normalizer, chardet, annotated-types, annotated-doc, tqdm, requests, python-dateutil, pydantic, prettytable, markdown-it-py, colorlog, click, bce-python-sdk, rich, pandas, modelscope, aistudio-sdk, typer, huggingface-hub, paddlex, paddleocr
  Attempting uninstall: pillow
    Found existing installation: pillow 12.1.0
    Uninstalling pillow-12.1.0:
      Successfully uninstalled pillow-12.1.0
Successfully installed PyYAML-6.0.2 aistudio-sdk-0.3.8 annotated-doc-0.0.4 annotated-types-0.7.0 bce-python-sdk-0.9.63 chardet-7.0.1 charset_normalizer-3.4.5 click-8.3.1 colorama-0.4.6 colorlog-6.10.1 filelock-3.25.0 fsspec-2026.2.0 future-1.0.0 hf-xet-1.3.2 huggingface-hub-1.6.0 imagesize-2.0.0 markdown-it-py-4.0.0 mdurl-0.1.2 modelscope-1.34.0 opencv-contrib-python-4.10.0.84 paddleocr-3.4.0 paddlex-3.4.2 pandas-2.3.3 pillow-12.1.1 prettytable-3.17.0 psutil-7.2.2 py-cpuinfo-9.0.0 pyclipper-1.4.0 pycryptodome-3.23.0 pydantic-2.12.5 pydantic-core-2.41.5 pygments-2.19.2 pymupdf-1.27.1 pypdfium2-5.6.0 python-bidi-0.6.7 python-dateutil-2.9.0.post0 pytz-2026.1.post1 requests-2.32.5 rich-14.3.3 ruamel.yaml-0.19.1 shapely-2.1.2 shellingham-1.5.4 six-1.17.0 tqdm-4.67.3 typer-0.24.1 typing-inspection-0.4.2 tzdata-2025.3 ujson-5.11.0 urllib3-2.6.3 wcwidth-0.6.0
PS>終止錯誤(): "PP-OCRv5 runtime/model validation failed. Check network access or clear the broken model cache and retry."

INSTALL FAILED
PP-OCRv5 runtime/model validation failed. Check network access or clear the broken model cache and retry.

Script stack trace:
位於 Ensure-OCRDependenciesInstalled，F:\Documents\Paddle_OCR\install_paddle_ocr_suite.ps1: 第 1494 行
位於 <ScriptBlock>，F:\Documents\Paddle_OCR\install_paddle_ocr_suite.ps1: 第 1745 行

=== Manual recovery checklist ===
PP-OCRv5 runtime/model validation failed. Check network access or clear the broken model cache and retry.
1. Open the project folder
Set-Location 'F:\Documents\Paddle_OCR'

2. Install PaddleOCR / Pillow / PyMuPDF
& { $env:PYTHONNOUSERSITE='1'; $env:PADDLE_PDX_DISABLE_MODEL_SOURCE_CHECK='True'; & 'F:\Documents\Paddle_OCR\.venv\Scripts\python.exe' -m pip install --disable-pip-version-check --progress-bar off --timeout 60 --retries 1 --upgrade 'paddleocr' 'pillow' 'pymupdf' }

3. Install PP-StructureV3 dependencies
& { $env:PYTHONNOUSERSITE='1'; $env:PADDLE_PDX_DISABLE_MODEL_SOURCE_CHECK='True'; & 'F:\Documents\Paddle_OCR\.venv\Scripts\python.exe' -m pip install --disable-pip-version-check --progress-bar off --timeout 60 --retries 1 'paddlex[ocr]==3.4.2' }

4. Verify the installed environment
& { $env:PYTHONNOUSERSITE='1'; $env:PADDLE_PDX_DISABLE_MODEL_SOURCE_CHECK='True'; & 'F:\Documents\Paddle_OCR\.venv\Scripts\python.exe' -c 'import fitz, paddle, paddleocr; from paddleocr import PaddleOCR; PaddleOCR(use_doc_orientation_classify=False, use_doc_unwarping=False, use_textline_orientation=False, text_rec_score_thresh=0.0); paddle.utils.run_check(); print("OCR_VERIFY_OK")' }

A copy of these commands was written to: F:\Documents\Paddle_OCR\install_manual_recovery.ps1
**********************
Windows PowerShell 轉譯結束
結束時間: 20260310005939
**********************
